---
source: src/tests/e2e_regression.rs
expression: responses_sse_snapshot_body(response).await
---
event: response.created
data: {"response":{"created_at":0,"error":null,"id":"chatcmpl_chain1_reasoning","incomplete_details":null,"model":"deepseek-reasoner","object":"response","output":[],"parallel_tool_calls":true,"previous_response_id":null,"status":"in_progress","store":false,"usage":null},"sequence_number":0,"type":"response.created"}

event: response.in_progress
data: {"response":{"created_at":0,"error":null,"id":"chatcmpl_chain1_reasoning","incomplete_details":null,"model":"deepseek-reasoner","object":"response","output":[],"parallel_tool_calls":true,"previous_response_id":null,"status":"in_progress","store":false,"usage":null},"sequence_number":1,"type":"response.in_progress"}

event: response.output_item.added
data: {"item":{"content":[],"id":"rs_chatcmpl_chain1_reasoning_0","status":"in_progress","summary":[],"type":"reasoning"},"output_index":0,"sequence_number":2,"type":"response.output_item.added"}

event: response.content_part.added
data: {"content_index":0,"item_id":"rs_chatcmpl_chain1_reasoning_0","output_index":0,"part":{"text":"","type":"reasoning_text"},"sequence_number":3,"type":"response.content_part.added"}

event: response.reasoning_text.delta
data: {"content_index":0,"delta":"Need a short arithmetic answer.","item_id":"rs_chatcmpl_chain1_reasoning_0","output_index":0,"sequence_number":4,"type":"response.reasoning_text.delta"}

event: response.output_item.added
data: {"item":{"content":[],"id":"msg_chatcmpl_chain1_reasoning_1","role":"assistant","status":"in_progress","type":"message"},"output_index":1,"sequence_number":5,"type":"response.output_item.added"}

event: response.content_part.added
data: {"content_index":0,"item_id":"msg_chatcmpl_chain1_reasoning_1","output_index":1,"part":{"annotations":[],"text":"","type":"output_text"},"sequence_number":6,"type":"response.content_part.added"}

event: response.output_text.delta
data: {"content_index":0,"delta":"4","item_id":"msg_chatcmpl_chain1_reasoning_1","logprobs":[],"output_index":1,"sequence_number":7,"type":"response.output_text.delta"}

event: response.reasoning_text.done
data: {"content_index":0,"item_id":"rs_chatcmpl_chain1_reasoning_0","output_index":0,"sequence_number":8,"text":"Need a short arithmetic answer.","type":"response.reasoning_text.done"}

event: response.content_part.done
data: {"content_index":0,"item_id":"rs_chatcmpl_chain1_reasoning_0","output_index":0,"part":{"text":"Need a short arithmetic answer.","type":"reasoning_text"},"sequence_number":9,"type":"response.content_part.done"}

event: response.output_item.done
data: {"item":{"content":[{"text":"Need a short arithmetic answer.","type":"reasoning_text"}],"id":"rs_chatcmpl_chain1_reasoning_0","status":"completed","summary":[],"type":"reasoning"},"output_index":0,"sequence_number":10,"type":"response.output_item.done"}

event: response.output_text.done
data: {"content_index":0,"item_id":"msg_chatcmpl_chain1_reasoning_1","logprobs":[],"output_index":1,"sequence_number":11,"text":"4","type":"response.output_text.done"}

event: response.content_part.done
data: {"content_index":0,"item_id":"msg_chatcmpl_chain1_reasoning_1","output_index":1,"part":{"annotations":[],"text":"4","type":"output_text"},"sequence_number":12,"type":"response.content_part.done"}

event: response.output_item.done
data: {"item":{"content":[{"annotations":[],"text":"4","type":"output_text"}],"id":"msg_chatcmpl_chain1_reasoning_1","role":"assistant","status":"completed","type":"message"},"output_index":1,"sequence_number":13,"type":"response.output_item.done"}

event: response.completed
data: {"response":{"created_at":0,"error":null,"id":"chatcmpl_chain1_reasoning","incomplete_details":null,"model":"deepseek-reasoner","object":"response","output":[{"content":[{"text":"Need a short arithmetic answer.","type":"reasoning_text"}],"id":"rs_chatcmpl_chain1_reasoning_0","status":"completed","summary":[],"type":"reasoning"},{"content":[{"annotations":[],"text":"4","type":"output_text"}],"id":"msg_chatcmpl_chain1_reasoning_1","role":"assistant","status":"completed","type":"message"}],"parallel_tool_calls":true,"previous_response_id":null,"status":"completed","store":false,"usage":{"input_tokens":14,"input_tokens_details":{"cached_tokens":0},"output_tokens":5,"output_tokens_details":{"reasoning_tokens":0},"total_tokens":19}},"sequence_number":14,"type":"response.completed"}
