---
source: src/tests/e2e_regression.rs
expression: json_response_snapshot_body(response).await
---
{
  "content": [
    {
      "text": "Hello from Responses.",
      "type": "text"
    }
  ],
  "id": "resp_chain4_text",
  "model": "gpt-5.1",
  "role": "assistant",
  "stop_reason": "end_turn",
  "stop_sequence": null,
  "type": "message",
  "usage": {
    "input_tokens": 12,
    "output_tokens": 4
  }
}
